[INFO] Scanning for projects...
[INFO] 
[INFO] --------------------------< com.auca:diacare >--------------------------
[INFO] Building DiaCare 0.0.1-SNAPSHOT
[INFO]   from pom.xml
[INFO] --------------------------------[ jar ]---------------------------------
[INFO] 
[INFO] --- resources:3.3.1:resources (default-resources) @ diacare ---
[INFO] Copying 1 resource from src\main\resources to target\classes
[INFO] Copying 0 resource from src\main\resources to target\classes
[INFO] 
[INFO] --- compiler:3.11.0:compile (default-compile) @ diacare ---
[INFO] Nothing to compile - all classes are up to date
[INFO] ------------------------------------------------------------------------
[INFO] BUILD SUCCESS
[INFO] ------------------------------------------------------------------------
[INFO] Total time:  1.362 s
[INFO] Finished at: 2026-04-26T00:22:45+02:00
[INFO] ------------------------------------------------------------------------
